// Jest Snapshot v1, https://goo.gl/fbAQLP

exports[`AppController data should return data 1`] = `
Object {
  "data": "data",
}
`;
